<html>
<body>
<pre>
<h1>礦ision Build Log</h1>
<h2>Tool Versions:</h2>
IDE-Version: μVision V5.22.0.0
Copyright (C) 2016 ARM Ltd and ARM Germany GmbH. All rights reserved.
License Information: aaaa aaaa, aaaa, LIC=HF830-BYQTX-24HSS-LHLJD-D8AHV-NAF15
 
Tool Versions:
Toolchain:       MDK-ARM Professional  Version: 5.22
Toolchain Path:  D:\Program Files\KEIL\ARM\ARMCC\Bin
C Compiler:      Armcc.exe V5.06 update 4 (build 422)
Assembler:       Armasm.exe V5.06 update 4 (build 422)
Linker/Locator:  ArmLink.exe V5.06 update 4 (build 422)
Library Manager: ArmAr.exe V5.06 update 4 (build 422)
Hex Converter:   FromElf.exe V5.06 update 4 (build 422)
CPU DLL:         
Dialog DLL:      DCM.DLL V1.13.9.0
Target DLL:      STLink\ST-LINKIII-KEIL_SWO.dll V2.0.18.0
Dialog DLL:      TCM.DLL V1.21.0.0
 
<h2>Project:</h2>
C:\Users\EESYS\Desktop\电子系统设计2021\电子系统设计2021\实验二\程序\Lab2_key_interrupt_3\Lab2_key_interrupt_3\Lab2_key_interrupt_3.uvprojx
Project File Date:  03/20/2021

<h2>Output:</h2>
*** Using Compiler 'V5.06 update 4 (build 422)', folder: 'D:\Program Files\KEIL\ARM\ARMCC\Bin'
Rebuild target 'Lab2_key_interrupt_3'
compiling main.cpp...
linking...
.\BUILD\Lab2_key_interrupt_3.axf: Warning: L6918W: Execution region RW_IRAM1 placed at 0x20000194 needs padding to ensure alignment 8 of .\build\main.o(.data).
Program Size: Code=25288 RO-data=2700 RW-data=248 ZI-data=2220  
Finished: 0 information, 1 warning and 0 error messages.
".\BUILD\Lab2_key_interrupt_3.axf" - 0 Error(s), 1 Warning(s).

<h2>Collection of Component include folders:</h2>
  C:\Users\EESYS\Desktop\电子系统设计2021\电子系统设计2021\实验二\程序\Lab2_key_interrupt_3\Lab2_key_interrupt_3\RTE\_Lab2_key_interrupt_3
  D:\Program Files\KEIL\ARM\PACK\Keil\STM32F4xx_DFP\2.11.0\Drivers\CMSIS\Device\ST\STM32F4xx\Include

<h2>Collection of Component Files used:</h2>
Build Time Elapsed:  00:00:00
</pre>
</body>
</html>
