<html>
<body>
<pre>
<h1>礦ision Build Log</h1>
<h2>Tool Versions:</h2>
IDE-Version: μVision V5.22.0.0
Copyright (C) 2016 ARM Ltd and ARM Germany GmbH. All rights reserved.
License Information: aaaa aaaa, aaaa, LIC=HF830-BYQTX-24HSS-LHLJD-D8AHV-NAF15
 
Tool Versions:
Toolchain:       MDK-ARM Professional  Version: 5.22
Toolchain Path:  D:\Program Files\KEIL\ARM\ARMCC\Bin
C Compiler:      Armcc.exe V5.06 update 4 (build 422)
Assembler:       Armasm.exe V5.06 update 4 (build 422)
Linker/Locator:  ArmLink.exe V5.06 update 4 (build 422)
Library Manager: ArmAr.exe V5.06 update 4 (build 422)
Hex Converter:   FromElf.exe V5.06 update 4 (build 422)
CPU DLL:         
Dialog DLL:      DCM.DLL V1.13.9.0
Target DLL:      STLink\ST-LINKIII-KEIL_SWO.dll V2.0.18.0
Dialog DLL:      TCM.DLL V1.21.0.0
 
<h2>Project:</h2>
C:\Users\EESYS\Desktop\电子系统设计2021\电子系统设计2021\实验三\程序\Lab3_tft_test_3\Lab3_tft_test_3\Lab3_tft_test_3.uvprojx
Project File Date:  06/18/2021

<h2>Output:</h2>
*** Using Compiler 'V5.06 update 4 (build 422)', folder: 'D:\Program Files\KEIL\ARM\ARMCC\Bin'
Rebuild target 'Lab3_tft_test_3'
compiling GUI.cpp...
tft/universal.h(9): warning:  #1-D: last line of file ends without a newline
  #endif
tft/Lcd_Driver.h(101): warning:  #1-D: last line of file ends without a newline
  #endif
tft/Font.h(194): warning:  #1-D: last line of file ends without a newline
  #endif
tft/GUI.cpp(446): warning:  #1-D: last line of file ends without a newline
  } 
tft/GUI.cpp: 4 warnings, 0 errors
compiling main.cpp...
tft\universal.h(9): warning:  #1-D: last line of file ends without a newline
  #endif
tft\Lcd_Driver.h(101): warning:  #1-D: last line of file ends without a newline
  #endif
tft\GUI.h(19): warning:  #1-D: last line of file ends without a newline
  #endif
tft\Picture.h(2138): warning:  #1-D: last line of file ends without a newline
  #endif
main.cpp(104): warning:  #550-D: variable "n2"  was set but never used
      u8 n6,n5,n4,n3,n2,n1;
main.cpp(104): warning:  #550-D: variable "n1"  was set but never used
      u8 n6,n5,n4,n3,n2,n1;
main.cpp: 6 warnings, 0 errors
compiling Lcd_Driver.cpp...
tft/universal.h(9): warning:  #1-D: last line of file ends without a newline
  #endif
tft/Lcd_Driver.h(101): warning:  #1-D: last line of file ends without a newline
  #endif
tft/Lcd_Driver.cpp(472): warning:  #1-D: last line of file ends without a newline
  }
tft/Lcd_Driver.cpp: 3 warnings, 0 errors
linking...
Program Size: Code=23770 RO-data=37954 RW-data=2352 ZI-data=1372  
".\BUILD\Lab3_tft_test_3.axf" - 0 Error(s), 13 Warning(s).

<h2>Collection of Component include folders:</h2>
  C:\Users\EESYS\Desktop\电子系统设计2021\电子系统设计2021\实验三\程序\Lab3_tft_test_3\Lab3_tft_test_3\RTE\_Lab3_tft_test_3
  D:\Program Files\KEIL\ARM\PACK\Keil\STM32F4xx_DFP\2.11.0\Drivers\CMSIS\Device\ST\STM32F4xx\Include

<h2>Collection of Component Files used:</h2>
Build Time Elapsed:  00:00:01
</pre>
</body>
</html>
